../Core/Src/hw.c:33:6:HAL_GPIO_EXTI_Callback	16	static
../Core/Src/hw.c:45:6:hw_nrf24_ce_low	8	static
../Core/Src/hw.c:50:6:hw_nrf24_ce_high	8	static
../Core/Src/hw.c:56:6:hw_nrf24_csn_low	8	static
../Core/Src/hw.c:61:6:hw_nrf24_csn_high	8	static
../Core/Src/hw.c:66:6:hw_nrf24_interrupt_set_state	16	static
../Core/Src/hw.c:74:6:hw_nrf24_set_channel	16	static
../Core/Src/hw.c:80:6:hw_nrf24_init	8	static
../Core/Src/hw.c:92:9:hw_nrf24_spi_rw	32	static
../Core/Src/hw.c:101:10:hw_timer_get_tick_ms	8	static
../Core/Src/hw.c:106:10:hw_timer_get_tick_us	4	static
../Core/Src/hw.c:111:6:hw_timer_init_us	8	static
../Core/Src/hw.c:116:10:hw_timer_elapsed_us	24	static
../Core/Src/hw.c:129:10:hw_timer_elapsed_ms	24	static
../Core/Src/hw.c:142:6:hw_timer_delay_us	32	static
../Core/Src/hw.c:160:6:hw_user_led_set	16	static
../Core/Src/hw.c:166:6:hw_user_led_toggle	4	static
../Core/Src/hw.c:174:13:hw_uart_tx_byte	24	static
../Core/Src/hw.c:187:6:hw_uart_tx	24	static
../Core/Src/hw.c:193:6:hw_sleep	4	static,ignoring_inline_asm
../Core/Src/hw.c:198:6:hw_init	8	static
