../Core/Src/nrf24.c:13:16:nRF24_ReadReg	24	static
../Core/Src/nrf24.c:28:13:nRF24_WriteReg	16	static
../Core/Src/nrf24.c:51:13:nRF24_ReadMBReg	24	static
../Core/Src/nrf24.c:65:13:nRF24_WriteMBReg	16	static
../Core/Src/nrf24.c:76:6:nRF24_Init	8	static
../Core/Src/nrf24.c:114:9:nRF24_Check	24	static
../Core/Src/nrf24.c:134:6:nRF24_SetPowerMode	24	static
../Core/Src/nrf24.c:153:6:nRF24_SetOperationalMode	24	static
../Core/Src/nrf24.c:168:6:nRF24_SetCRCScheme	24	static
../Core/Src/nrf24.c:183:6:nRF24_SetRFChannel	16	static
../Core/Src/nrf24.c:192:6:nRF24_SetAutoRetr	16	static
../Core/Src/nrf24.c:201:6:nRF24_SetAddrWidth	16	static
../Core/Src/nrf24.c:215:6:nRF24_SetAddr	24	static
../Core/Src/nrf24.c:250:6:nRF24_SetTXPower	24	static
../Core/Src/nrf24.c:263:6:nRF24_SetDataRate	24	static
../Core/Src/nrf24.c:278:6:nRF24_SetRXPipe	24	static
../Core/Src/nrf24.c:301:6:nRF24_ClosePipe	24	static
../Core/Src/nrf24.c:313:6:nRF24_EnableAA	24	static
../Core/Src/nrf24.c:325:6:nRF24_DisableAA	24	static
../Core/Src/nrf24.c:339:6:nRF24_SetFeatureReg	24	static
../Core/Src/nrf24.c:351:9:nRF24_GetStatus	8	static
../Core/Src/nrf24.c:357:9:nRF24_GetIRQFlags	8	static
../Core/Src/nrf24.c:363:9:nRF24_GetStatus_RXFIFO	8	static
../Core/Src/nrf24.c:370:9:nRF24_GetStatus_TXFIFO	8	static
../Core/Src/nrf24.c:376:9:nRF24_GetRXSource	8	static
../Core/Src/nrf24.c:384:9:nRF24_GetRetransmitCounters	8	static
../Core/Src/nrf24.c:388:9:nRF24_GetFeatureReg	8	static
../Core/Src/nrf24.c:393:6:nRF24_ResetPLOS	16	static
../Core/Src/nrf24.c:402:6:nRF24_FlushTX	8	static
../Core/Src/nrf24.c:407:6:nRF24_FlushRX	8	static
../Core/Src/nrf24.c:412:6:nRF24_ClearIRQFlags	16	static
../Core/Src/nrf24.c:425:6:nRF24_WritePayload	16	static
../Core/Src/nrf24.c:436:16:nRF24_ReadPayload	24	static
../Core/Src/nrf24.c:461:14:nRF24_ReadRxFifoPayload	16	static
../Core/Src/nrf24.c:472:6:nRF24_ReadPipePayload	24	static
../Core/Src/nrf24.c:483:6:nRF24_WriteAckPayload	16	static
../Core/Src/nrf24.c:487:6:nRF24_Interrupt	16	static
